user: Success.

user: Success.

user: Success.

user: 100000: James Bob

user: 100001: Jimmothy Smith Frank Johnathan

user: 100002: Gary

user: No such file.

user: No such book in file.

user: No such book in file.

user: Successfully added: To Kill a Mockingbird (Harper Lee).

user: Book already exists in system.

user: Ending Library process.
