user: No books in system.

user: No books in system.

user: 22 books successfully added.

user: The Hitchhiker's Guide to the Galaxy (Douglas Adams)
So Long and Thanks for all the Fish (Douglas Adams)
So Long and Thanks for all the Fish (Douglas Adams)

user: The Hitchhiker's Guide to the Galaxy (Douglas Adams)
So Long and Thanks for all the Fish (Douglas Adams)
So Long and Thanks for all the Fish (Douglas Adams)

user: Halloween (Jamie Lee Curtis)

user: No books by Roald Dahl.

user: Best Unit Ever (INFO1113)

user: Ending Library process.
