user: No books in system.

user: No books in system.

user: No such book in system.

user: No such book in system.

user: No books in system.

user: No books in system.

user: 17 books successfully added.

user: To Kill a Mockingbird (Harper Lee)

user: 111111: To Kill a Mockingbird (Harper Lee, Historical Fiction)
Currently available.

user: To Kill a Mockingbird (Harper Lee)

user: 111111: To Kill a Mockingbird (Harper Lee, Historical Fiction)
Currently available.

user: No such book in system.

user: No such book in system.

user: No rental history.

user: No rental history.

user: Success.

user: Success.

user: Success.

user: Success.

user: Success.

user: Success.

user: Success.

user: Success.

user: Success.

user: Success.

user: Success.

user: Success.

user: Success.

user: Success.

user: 100000
100001
100001

user: 100000
100002
100000

user: Success.

user: 100000
100001
100001

user: Ending Library process.
