user: No books in system.

user: No books in system.

user: Successfully added: To Kill a Mockingbird (Harper Lee).

user: Historical Fiction

user: Successfully added: Harry Potter 1 (J.K. Rowling).

user: Fantasy
Historical Fiction

user: Successfully added: Harry Potter 2 (J.K. Rowling).

user: Fantasy
Historical Fiction

user: 14 books successfully added.

user: Comedy
Comic
Epic
Fantasy
Historical Fiction
Horror
Poetry
War

user: Ending Library process.
