user: No books in system.

user: No books in system.

user: Successfully added: To Kill a Mockingbird (Harper Lee).

user: Harper Lee

user: Successfully added: Harry Potter 1 (J.K. Rowling).

user: Harper Lee
J.K. Rowling

user: Successfully added: Harry Potter 2 (J.K. Rowling).

user: Harper Lee
J.K. Rowling

user: 14 books successfully added.

user: Bob Kane
Douglas Adams
Harper Lee
Homer
J.K. Rowling
J.R.R. Tolkien
Jamie Lee Curtis
T.S. Eliot
Virgil
W.E. Johns

user: Ending Library process.
