user: No members in system.

user: No members in system.

user: No members in system.

user: No members in system.

user: No members in system.

user: No members in system.

user: No members in system.

user: No members in system.

user: No members in system.

user: Success.

user: Success.

user: Success.

user: Success.

user: 100000: Sam Sam

user: 100001: Peter Griffin

user: 100002: Homer Simpson

user: 100003: Joji

user: No such member in system.

user: Member not currently renting.

user: Member not currently renting.

user: No such member in system.

user: No such member in system.

user: No rental history for member.

user: No rental history for member.

user: No such member in system.

user: No such member in system.

user: 17 books successfully added.

user: Success.

user: Success.

user: Success.

user: Success.

user: Success.

user: Success.

user: Success.

user: To Kill a Mockingbird (Harper Lee)
The Hobbit (J.R.R. Tolkien)
The Iliad (Homer)

user: No rental history for member.

user: The Odyssey (Homer)
The Hitchhiker's Guide to the Galaxy (Douglas Adams)
So Long and Thanks for all the Fish (Douglas Adams)
Batman Volume 1 (Bob Kane)

user: No rental history for member.

user: Success.

user: Success.

user: Member not currently renting.

user: To Kill a Mockingbird (Harper Lee)
The Hobbit (J.R.R. Tolkien)
The Iliad (Homer)

user: Member not currently renting.

user: The Odyssey (Homer)
The Hitchhiker's Guide to the Galaxy (Douglas Adams)
So Long and Thanks for all the Fish (Douglas Adams)
Batman Volume 1 (Bob Kane)

user: Ending Library process.
